interactions:
- request:
    body: null
    headers:
      Accept:
      - '*/*'
      Accept-Encoding:
      - gzip, deflate
      CommandName:
      - ad user show
      Connection:
      - keep-alive
      ParameterSetName:
      - --id
      User-Agent:
      - python/3.10.4 (Windows-10-10.0.19044-SP0) AZURECLI/2.35.0
    method: GET
    uri: https://graph.microsoft.com/v1.0/users/rolelivetest@azuresdkteam.onmicrosoft.com
  response:
    body:
      string: '{"@odata.context":"https://graph.microsoft.com/v1.0/$metadata#users/$entity","businessPhones":[],"displayName":"rolelivetest","givenName":null,"jobTitle":null,"mail":null,"mobilePhone":null,"officeLocation":null,"preferredLanguage":null,"surname":null,"userPrincipalName":"example@example.com","id":"6d97229a-391f-473a-893f-f0608b592d7b"}'
    headers:
      cache-control:
      - no-cache
      content-length:
      - '338'
      content-type:
      - application/json;odata.metadata=minimal;odata.streaming=true;IEEE754Compatible=false;charset=utf-8
      date:
      - Tue, 26 Apr 2022 13:32:39 GMT
      odata-version:
      - '4.0'
      request-id:
      - 7bc20a7c-bcca-4154-bc45-a8710865ba95
      strict-transport-security:
      - max-age=31536000
      transfer-encoding:
      - chunked
      vary:
      - Accept-Encoding
      x-ms-ags-diagnostic:
      - '{"ServerInfo":{"DataCenter":"Southeast Asia","Slice":"E","Ring":"5","ScaleUnit":"001","RoleInstance":"SI2PEPF00000BC4"}}'
      x-ms-resource-unit:
      - '1'
    status:
      code: 200
      message: OK
- request:
    body: null
    headers:
      Accept:
      - '*/*'
      Accept-Encoding:
      - gzip, deflate
      CommandName:
      - ad app create
      Connection:
      - keep-alive
      ParameterSetName:
      - --display-name
      User-Agent:
      - python/3.10.4 (Windows-10-10.0.19044-SP0) AZURECLI/2.35.0
    method: GET
    uri: https://graph.microsoft.com/v1.0/applications?$filter=startswith(displayName,'azure-cli-test000001')
  response:
    body:
      string: '{"@odata.context":"https://graph.microsoft.com/v1.0/$metadata#applications","value":[]}'
    headers:
      cache-control:
      - no-cache
      content-length:
      - '87'
      content-type:
      - application/json;odata.metadata=minimal;odata.streaming=true;IEEE754Compatible=false;charset=utf-8
      date:
      - Tue, 26 Apr 2022 13:32:39 GMT
      odata-version:
      - '4.0'
      request-id:
      - ec6efc25-8bc1-4edb-b078-807894169448
      strict-transport-security:
      - max-age=31536000
      transfer-encoding:
      - chunked
      vary:
      - Accept-Encoding
      x-ms-ags-diagnostic:
      - '{"ServerInfo":{"DataCenter":"Southeast Asia","Slice":"E","Ring":"5","ScaleUnit":"001","RoleInstance":"SI2PEPF00000BC4"}}'
      x-ms-resource-unit:
      - '2'
    status:
      code: 200
      message: OK
- request:
    body: '{"displayName": "azure-cli-test000001", "keyCredentials": []}'
    headers:
      Accept:
      - '*/*'
      Accept-Encoding:
      - gzip, deflate
      CommandName:
      - ad app create
      Connection:
      - keep-alive
      Content-Length:
      - '61'
      Content-Type:
      - application/json
      ParameterSetName:
      - --display-name
      User-Agent:
      - python/3.10.4 (Windows-10-10.0.19044-SP0) AZURECLI/2.35.0
    method: POST
    uri: https://graph.microsoft.com/v1.0/applications
  response:
    body:
      string: '{"@odata.context": "https://graph.microsoft.com/v1.0/$metadata#applications/$entity",
        "id": "4170862c-3ad2-41a1-93c3-9dde95beb1f1", "deletedDateTime": null, "appId":
        "da913587-fc0e-4c6b-a5d9-3fb9ec13b0fb", "applicationTemplateId": null, "disabledByMicrosoftStatus":
        null, "createdDateTime": "2022-04-26T13:32:41.4280426Z", "displayName": "azure-cli-test000001",
        "description": null, "groupMembershipClaims": null, "identifierUris": [],
        "isDeviceOnlyAuthSupported": null, "isFallbackPublicClient": null, "notes":
        null, "publisherDomain": "AzureSDKTeam.onmicrosoft.com", "serviceManagementReference":
        null, "signInAudience": "AzureADandPersonalMicrosoftAccount", "tags": [],
        "tokenEncryptionKeyId": null, "defaultRedirectUri": null, "certification":
        null, "optionalClaims": null, "addIns": [], "api": {"acceptMappedClaims":
        null, "knownClientApplications": [], "requestedAccessTokenVersion": 2, "oauth2PermissionScopes":
        [], "preAuthorizedApplications": []}, "appRoles": [], "info": {"logoUrl":
        null, "marketingUrl": null, "privacyStatementUrl": null, "supportUrl": null,
        "termsOfServiceUrl": null}, "keyCredentials": [], "parentalControlSettings":
        {"countriesBlockedForMinors": [], "legalAgeGroupRule": "Allow"}, "passwordCredentials":
        [], "publicClient": {"redirectUris": []}, "requiredResourceAccess": [], "verifiedPublisher":
        {"displayName": null, "verifiedPublisherId": null, "addedDateTime": null},
        "web": {"homePageUrl": null, "logoutUrl": null, "redirectUris": [], "implicitGrantSettings":
        {"enableAccessTokenIssuance": false, "enableIdTokenIssuance": false}}, "spa":
        {"redirectUris": []}}'
    headers:
      cache-control:
      - no-cache
      content-length:
      - '1595'
      content-type:
      - application/json;odata.metadata=minimal;odata.streaming=true;IEEE754Compatible=false;charset=utf-8
      date:
      - Tue, 26 Apr 2022 13:32:41 GMT
      location:
      - https://graph.microsoft.com/v2/54826b22-38d6-4fb2-bad9-b7b93a3e9c5a/directoryObjects/4170862c-3ad2-41a1-93c3-9dde95beb1f1/Microsoft.DirectoryServices.Application
      odata-version:
      - '4.0'
      request-id:
      - 5d798ce2-d5c1-4d27-8d13-e677688f7118
      strict-transport-security:
      - max-age=31536000
      transfer-encoding:
      - chunked
      vary:
      - Accept-Encoding
      x-ms-ags-diagnostic:
      - '{"ServerInfo":{"DataCenter":"Southeast Asia","Slice":"E","Ring":"5","ScaleUnit":"001","RoleInstance":"SI2PEPF00000BCF"}}'
      x-ms-resource-unit:
      - '1'
    status:
      code: 201
      message: Created
- request:
    body: null
    headers:
      Accept:
      - '*/*'
      Accept-Encoding:
      - gzip, deflate
      CommandName:
      - ad app owner add
      Connection:
      - keep-alive
      ParameterSetName:
      - --owner-object-id --id
      User-Agent:
      - python/3.10.4 (Windows-10-10.0.19044-SP0) AZURECLI/2.35.0
    method: GET
    uri: https://graph.microsoft.com/v1.0/applications?$filter=appId%20eq%20'da913587-fc0e-4c6b-a5d9-3fb9ec13b0fb'
  response:
    body:
      string: '{"@odata.context":"https://graph.microsoft.com/v1.0/$metadata#applications","value":[{"id":"4170862c-3ad2-41a1-93c3-9dde95beb1f1","deletedDateTime":null,"appId":"da913587-fc0e-4c6b-a5d9-3fb9ec13b0fb","applicationTemplateId":null,"disabledByMicrosoftStatus":null,"createdDateTime":"2022-04-26T13:32:41Z","displayName":"azure-cli-test000001","description":null,"groupMembershipClaims":null,"identifierUris":[],"isDeviceOnlyAuthSupported":null,"isFallbackPublicClient":null,"notes":null,"publisherDomain":"AzureSDKTeam.onmicrosoft.com","serviceManagementReference":null,"signInAudience":"AzureADandPersonalMicrosoftAccount","tags":[],"tokenEncryptionKeyId":null,"defaultRedirectUri":null,"certification":null,"optionalClaims":null,"addIns":[],"api":{"acceptMappedClaims":null,"knownClientApplications":[],"requestedAccessTokenVersion":2,"oauth2PermissionScopes":[],"preAuthorizedApplications":[]},"appRoles":[],"info":{"logoUrl":null,"marketingUrl":null,"privacyStatementUrl":null,"supportUrl":null,"termsOfServiceUrl":null},"keyCredentials":[],"parentalControlSettings":{"countriesBlockedForMinors":[],"legalAgeGroupRule":"Allow"},"passwordCredentials":[],"publicClient":{"redirectUris":[]},"requiredResourceAccess":[],"verifiedPublisher":{"displayName":null,"verifiedPublisherId":null,"addedDateTime":null},"web":{"homePageUrl":null,"logoutUrl":null,"redirectUris":[],"implicitGrantSettings":{"enableAccessTokenIssuance":false,"enableIdTokenIssuance":false}},"spa":{"redirectUris":[]}}]}'
    headers:
      cache-control:
      - no-cache
      content-length:
      - '1486'
      content-type:
      - application/json;odata.metadata=minimal;odata.streaming=true;IEEE754Compatible=false;charset=utf-8
      date:
      - Tue, 26 Apr 2022 13:32:42 GMT
      odata-version:
      - '4.0'
      request-id:
      - 0e9ff189-65d9-4ed5-94e0-cb4c4cf916ff
      strict-transport-security:
      - max-age=31536000
      transfer-encoding:
      - chunked
      vary:
      - Accept-Encoding
      x-ms-ags-diagnostic:
      - '{"ServerInfo":{"DataCenter":"Southeast Asia","Slice":"E","Ring":"5","ScaleUnit":"001","RoleInstance":"SI2PEPF00000BCF"}}'
      x-ms-resource-unit:
      - '2'
    status:
      code: 200
      message: OK
- request:
    body: null
    headers:
      Accept:
      - '*/*'
      Accept-Encoding:
      - gzip, deflate
      CommandName:
      - ad app owner add
      Connection:
      - keep-alive
      ParameterSetName:
      - --owner-object-id --id
      User-Agent:
      - python/3.10.4 (Windows-10-10.0.19044-SP0) AZURECLI/2.35.0
    method: GET
    uri: https://graph.microsoft.com/v1.0/applications/4170862c-3ad2-41a1-93c3-9dde95beb1f1/owners
  response:
    body:
      string: '{"@odata.context":"https://graph.microsoft.com/v1.0/$metadata#directoryObjects","value":[{"@odata.type":"#microsoft.graph.user","id":"6d97229a-391f-473a-893f-f0608b592d7b","businessPhones":[],"displayName":"rolelivetest","givenName":null,"jobTitle":null,"mail":null,"mobilePhone":null,"officeLocation":null,"preferredLanguage":null,"surname":null,"userPrincipalName":"example@example.com"}]}'
    headers:
      cache-control:
      - no-cache
      content-length:
      - '391'
      content-type:
      - application/json;odata.metadata=minimal;odata.streaming=true;IEEE754Compatible=false;charset=utf-8
      date:
      - Tue, 26 Apr 2022 13:32:43 GMT
      odata-version:
      - '4.0'
      request-id:
      - 0992db5d-7da1-484f-9314-a63431680066
      strict-transport-security:
      - max-age=31536000
      transfer-encoding:
      - chunked
      vary:
      - Accept-Encoding
      x-ms-ags-diagnostic:
      - '{"ServerInfo":{"DataCenter":"Southeast Asia","Slice":"E","Ring":"5","ScaleUnit":"001","RoleInstance":"SI2PEPF00001643"}}'
      x-ms-resource-unit:
      - '1'
    status:
      code: 200
      message: OK
- request:
    body: null
    headers:
      Accept:
      - '*/*'
      Accept-Encoding:
      - gzip, deflate
      CommandName:
      - ad app owner add
      Connection:
      - keep-alive
      ParameterSetName:
      - --owner-object-id --id
      User-Agent:
      - python/3.10.4 (Windows-10-10.0.19044-SP0) AZURECLI/2.35.0
    method: GET
    uri: https://graph.microsoft.com/v1.0/applications?$filter=appId%20eq%20'da913587-fc0e-4c6b-a5d9-3fb9ec13b0fb'
  response:
    body:
      string: '{"@odata.context":"https://graph.microsoft.com/v1.0/$metadata#applications","value":[{"id":"4170862c-3ad2-41a1-93c3-9dde95beb1f1","deletedDateTime":null,"appId":"da913587-fc0e-4c6b-a5d9-3fb9ec13b0fb","applicationTemplateId":null,"disabledByMicrosoftStatus":null,"createdDateTime":"2022-04-26T13:32:41Z","displayName":"azure-cli-test000001","description":null,"groupMembershipClaims":null,"identifierUris":[],"isDeviceOnlyAuthSupported":null,"isFallbackPublicClient":null,"notes":null,"publisherDomain":"AzureSDKTeam.onmicrosoft.com","serviceManagementReference":null,"signInAudience":"AzureADandPersonalMicrosoftAccount","tags":[],"tokenEncryptionKeyId":null,"defaultRedirectUri":null,"certification":null,"optionalClaims":null,"addIns":[],"api":{"acceptMappedClaims":null,"knownClientApplications":[],"requestedAccessTokenVersion":2,"oauth2PermissionScopes":[],"preAuthorizedApplications":[]},"appRoles":[],"info":{"logoUrl":null,"marketingUrl":null,"privacyStatementUrl":null,"supportUrl":null,"termsOfServiceUrl":null},"keyCredentials":[],"parentalControlSettings":{"countriesBlockedForMinors":[],"legalAgeGroupRule":"Allow"},"passwordCredentials":[],"publicClient":{"redirectUris":[]},"requiredResourceAccess":[],"verifiedPublisher":{"displayName":null,"verifiedPublisherId":null,"addedDateTime":null},"web":{"homePageUrl":null,"logoutUrl":null,"redirectUris":[],"implicitGrantSettings":{"enableAccessTokenIssuance":false,"enableIdTokenIssuance":false}},"spa":{"redirectUris":[]}}]}'
    headers:
      cache-control:
      - no-cache
      content-length:
      - '1486'
      content-type:
      - application/json;odata.metadata=minimal;odata.streaming=true;IEEE754Compatible=false;charset=utf-8
      date:
      - Tue, 26 Apr 2022 13:32:43 GMT
      odata-version:
      - '4.0'
      request-id:
      - f6e2d0db-8f70-487b-9709-d7928a81b38f
      strict-transport-security:
      - max-age=31536000
      transfer-encoding:
      - chunked
      vary:
      - Accept-Encoding
      x-ms-ags-diagnostic:
      - '{"ServerInfo":{"DataCenter":"Southeast Asia","Slice":"E","Ring":"5","ScaleUnit":"001","RoleInstance":"SI2PEPF000017E9"}}'
      x-ms-resource-unit:
      - '2'
    status:
      code: 200
      message: OK
- request:
    body: null
    headers:
      Accept:
      - '*/*'
      Accept-Encoding:
      - gzip, deflate
      CommandName:
      - ad app owner add
      Connection:
      - keep-alive
      ParameterSetName:
      - --owner-object-id --id
      User-Agent:
      - python/3.10.4 (Windows-10-10.0.19044-SP0) AZURECLI/2.35.0
    method: GET
    uri: https://graph.microsoft.com/v1.0/applications/4170862c-3ad2-41a1-93c3-9dde95beb1f1/owners
  response:
    body:
      string: '{"@odata.context":"https://graph.microsoft.com/v1.0/$metadata#directoryObjects","value":[{"@odata.type":"#microsoft.graph.user","id":"6d97229a-391f-473a-893f-f0608b592d7b","businessPhones":[],"displayName":"rolelivetest","givenName":null,"jobTitle":null,"mail":null,"mobilePhone":null,"officeLocation":null,"preferredLanguage":null,"surname":null,"userPrincipalName":"example@example.com"}]}'
    headers:
      cache-control:
      - no-cache
      content-length:
      - '391'
      content-type:
      - application/json;odata.metadata=minimal;odata.streaming=true;IEEE754Compatible=false;charset=utf-8
      date:
      - Tue, 26 Apr 2022 13:32:43 GMT
      odata-version:
      - '4.0'
      request-id:
      - 9e879b58-3e5f-4775-9374-34d92b594afc
      strict-transport-security:
      - max-age=31536000
      transfer-encoding:
      - chunked
      vary:
      - Accept-Encoding
      x-ms-ags-diagnostic:
      - '{"ServerInfo":{"DataCenter":"Southeast Asia","Slice":"E","Ring":"5","ScaleUnit":"001","RoleInstance":"SI2PEPF000018C7"}}'
      x-ms-resource-unit:
      - '1'
    status:
      code: 200
      message: OK
- request:
    body: null
    headers:
      Accept:
      - '*/*'
      Accept-Encoding:
      - gzip, deflate
      CommandName:
      - ad app owner list
      Connection:
      - keep-alive
      ParameterSetName:
      - --id
      User-Agent:
      - python/3.10.4 (Windows-10-10.0.19044-SP0) AZURECLI/2.35.0
    method: GET
    uri: https://graph.microsoft.com/v1.0/applications?$filter=appId%20eq%20'da913587-fc0e-4c6b-a5d9-3fb9ec13b0fb'
  response:
    body:
      string: '{"@odata.context":"https://graph.microsoft.com/v1.0/$metadata#applications","value":[{"id":"4170862c-3ad2-41a1-93c3-9dde95beb1f1","deletedDateTime":null,"appId":"da913587-fc0e-4c6b-a5d9-3fb9ec13b0fb","applicationTemplateId":null,"disabledByMicrosoftStatus":null,"createdDateTime":"2022-04-26T13:32:41Z","displayName":"azure-cli-test000001","description":null,"groupMembershipClaims":null,"identifierUris":[],"isDeviceOnlyAuthSupported":null,"isFallbackPublicClient":null,"notes":null,"publisherDomain":"AzureSDKTeam.onmicrosoft.com","serviceManagementReference":null,"signInAudience":"AzureADandPersonalMicrosoftAccount","tags":[],"tokenEncryptionKeyId":null,"defaultRedirectUri":null,"certification":null,"optionalClaims":null,"addIns":[],"api":{"acceptMappedClaims":null,"knownClientApplications":[],"requestedAccessTokenVersion":2,"oauth2PermissionScopes":[],"preAuthorizedApplications":[]},"appRoles":[],"info":{"logoUrl":null,"marketingUrl":null,"privacyStatementUrl":null,"supportUrl":null,"termsOfServiceUrl":null},"keyCredentials":[],"parentalControlSettings":{"countriesBlockedForMinors":[],"legalAgeGroupRule":"Allow"},"passwordCredentials":[],"publicClient":{"redirectUris":[]},"requiredResourceAccess":[],"verifiedPublisher":{"displayName":null,"verifiedPublisherId":null,"addedDateTime":null},"web":{"homePageUrl":null,"logoutUrl":null,"redirectUris":[],"implicitGrantSettings":{"enableAccessTokenIssuance":false,"enableIdTokenIssuance":false}},"spa":{"redirectUris":[]}}]}'
    headers:
      cache-control:
      - no-cache
      content-length:
      - '1486'
      content-type:
      - application/json;odata.metadata=minimal;odata.streaming=true;IEEE754Compatible=false;charset=utf-8
      date:
      - Tue, 26 Apr 2022 13:32:44 GMT
      odata-version:
      - '4.0'
      request-id:
      - 67a61deb-ac5e-4f67-87c3-6ef9692e84f5
      strict-transport-security:
      - max-age=31536000
      transfer-encoding:
      - chunked
      vary:
      - Accept-Encoding
      x-ms-ags-diagnostic:
      - '{"ServerInfo":{"DataCenter":"Southeast Asia","Slice":"E","Ring":"5","ScaleUnit":"001","RoleInstance":"SI2PEPF00001E1E"}}'
      x-ms-resource-unit:
      - '2'
    status:
      code: 200
      message: OK
- request:
    body: null
    headers:
      Accept:
      - '*/*'
      Accept-Encoding:
      - gzip, deflate
      CommandName:
      - ad app owner list
      Connection:
      - keep-alive
      ParameterSetName:
      - --id
      User-Agent:
      - python/3.10.4 (Windows-10-10.0.19044-SP0) AZURECLI/2.35.0
    method: GET
    uri: https://graph.microsoft.com/v1.0/applications/4170862c-3ad2-41a1-93c3-9dde95beb1f1/owners
  response:
    body:
      string: '{"@odata.context":"https://graph.microsoft.com/v1.0/$metadata#directoryObjects","value":[{"@odata.type":"#microsoft.graph.user","id":"6d97229a-391f-473a-893f-f0608b592d7b","businessPhones":[],"displayName":"rolelivetest","givenName":null,"jobTitle":null,"mail":null,"mobilePhone":null,"officeLocation":null,"preferredLanguage":null,"surname":null,"userPrincipalName":"example@example.com"}]}'
    headers:
      cache-control:
      - no-cache
      content-length:
      - '391'
      content-type:
      - application/json;odata.metadata=minimal;odata.streaming=true;IEEE754Compatible=false;charset=utf-8
      date:
      - Tue, 26 Apr 2022 13:32:46 GMT
      odata-version:
      - '4.0'
      request-id:
      - 527e6924-9a08-4172-92df-f73d9ce3e654
      strict-transport-security:
      - max-age=31536000
      transfer-encoding:
      - chunked
      vary:
      - Accept-Encoding
      x-ms-ags-diagnostic:
      - '{"ServerInfo":{"DataCenter":"Southeast Asia","Slice":"E","Ring":"5","ScaleUnit":"001","RoleInstance":"SI2PEPF000022D5"}}'
      x-ms-resource-unit:
      - '1'
    status:
      code: 200
      message: OK
- request:
    body: null
    headers:
      Accept:
      - '*/*'
      Accept-Encoding:
      - gzip, deflate
      CommandName:
      - ad app owner remove
      Connection:
      - keep-alive
      ParameterSetName:
      - --owner-object-id --id
      User-Agent:
      - python/3.10.4 (Windows-10-10.0.19044-SP0) AZURECLI/2.35.0
    method: GET
    uri: https://graph.microsoft.com/v1.0/applications?$filter=appId%20eq%20'da913587-fc0e-4c6b-a5d9-3fb9ec13b0fb'
  response:
    body:
      string: '{"@odata.context":"https://graph.microsoft.com/v1.0/$metadata#applications","value":[{"id":"4170862c-3ad2-41a1-93c3-9dde95beb1f1","deletedDateTime":null,"appId":"da913587-fc0e-4c6b-a5d9-3fb9ec13b0fb","applicationTemplateId":null,"disabledByMicrosoftStatus":null,"createdDateTime":"2022-04-26T13:32:41Z","displayName":"azure-cli-test000001","description":null,"groupMembershipClaims":null,"identifierUris":[],"isDeviceOnlyAuthSupported":null,"isFallbackPublicClient":null,"notes":null,"publisherDomain":"AzureSDKTeam.onmicrosoft.com","serviceManagementReference":null,"signInAudience":"AzureADandPersonalMicrosoftAccount","tags":[],"tokenEncryptionKeyId":null,"defaultRedirectUri":null,"certification":null,"optionalClaims":null,"addIns":[],"api":{"acceptMappedClaims":null,"knownClientApplications":[],"requestedAccessTokenVersion":2,"oauth2PermissionScopes":[],"preAuthorizedApplications":[]},"appRoles":[],"info":{"logoUrl":null,"marketingUrl":null,"privacyStatementUrl":null,"supportUrl":null,"termsOfServiceUrl":null},"keyCredentials":[],"parentalControlSettings":{"countriesBlockedForMinors":[],"legalAgeGroupRule":"Allow"},"passwordCredentials":[],"publicClient":{"redirectUris":[]},"requiredResourceAccess":[],"verifiedPublisher":{"displayName":null,"verifiedPublisherId":null,"addedDateTime":null},"web":{"homePageUrl":null,"logoutUrl":null,"redirectUris":[],"implicitGrantSettings":{"enableAccessTokenIssuance":false,"enableIdTokenIssuance":false}},"spa":{"redirectUris":[]}}]}'
    headers:
      cache-control:
      - no-cache
      content-length:
      - '1486'
      content-type:
      - application/json;odata.metadata=minimal;odata.streaming=true;IEEE754Compatible=false;charset=utf-8
      date:
      - Tue, 26 Apr 2022 13:32:46 GMT
      odata-version:
      - '4.0'
      request-id:
      - e872211a-4cb6-4838-9c08-a7a509928e42
      strict-transport-security:
      - max-age=31536000
      transfer-encoding:
      - chunked
      vary:
      - Accept-Encoding
      x-ms-ags-diagnostic:
      - '{"ServerInfo":{"DataCenter":"Southeast Asia","Slice":"E","Ring":"5","ScaleUnit":"001","RoleInstance":"SI2PEPF000022D9"}}'
      x-ms-resource-unit:
      - '2'
    status:
      code: 200
      message: OK
- request:
    body: null
    headers:
      Accept:
      - '*/*'
      Accept-Encoding:
      - gzip, deflate
      CommandName:
      - ad app owner remove
      Connection:
      - keep-alive
      Content-Length:
      - '0'
      ParameterSetName:
      - --owner-object-id --id
      User-Agent:
      - python/3.10.4 (Windows-10-10.0.19044-SP0) AZURECLI/2.35.0
    method: DELETE
    uri: https://graph.microsoft.com/v1.0/applications/4170862c-3ad2-41a1-93c3-9dde95beb1f1/owners/6d97229a-391f-473a-893f-f0608b592d7b/$ref
  response:
    body:
      string: ''
    headers:
      cache-control:
      - no-cache
      date:
      - Tue, 26 Apr 2022 13:32:47 GMT
      request-id:
      - 95f98071-f288-4baf-a5f9-6820ce3679f9
      strict-transport-security:
      - max-age=31536000
      x-ms-ags-diagnostic:
      - '{"ServerInfo":{"DataCenter":"Southeast Asia","Slice":"E","Ring":"5","ScaleUnit":"001","RoleInstance":"SI2PEPF000022D9"}}'
      x-ms-resource-unit:
      - '1'
    status:
      code: 204
      message: No Content
- request:
    body: null
    headers:
      Accept:
      - '*/*'
      Accept-Encoding:
      - gzip, deflate
      CommandName:
      - ad app owner list
      Connection:
      - keep-alive
      ParameterSetName:
      - --id
      User-Agent:
      - python/3.10.4 (Windows-10-10.0.19044-SP0) AZURECLI/2.35.0
    method: GET
    uri: https://graph.microsoft.com/v1.0/applications?$filter=appId%20eq%20'da913587-fc0e-4c6b-a5d9-3fb9ec13b0fb'
  response:
    body:
      string: '{"@odata.context":"https://graph.microsoft.com/v1.0/$metadata#applications","value":[{"id":"4170862c-3ad2-41a1-93c3-9dde95beb1f1","deletedDateTime":null,"appId":"da913587-fc0e-4c6b-a5d9-3fb9ec13b0fb","applicationTemplateId":null,"disabledByMicrosoftStatus":null,"createdDateTime":"2022-04-26T13:32:41Z","displayName":"azure-cli-test000001","description":null,"groupMembershipClaims":null,"identifierUris":[],"isDeviceOnlyAuthSupported":null,"isFallbackPublicClient":null,"notes":null,"publisherDomain":"AzureSDKTeam.onmicrosoft.com","serviceManagementReference":null,"signInAudience":"AzureADandPersonalMicrosoftAccount","tags":[],"tokenEncryptionKeyId":null,"defaultRedirectUri":null,"certification":null,"optionalClaims":null,"addIns":[],"api":{"acceptMappedClaims":null,"knownClientApplications":[],"requestedAccessTokenVersion":2,"oauth2PermissionScopes":[],"preAuthorizedApplications":[]},"appRoles":[],"info":{"logoUrl":null,"marketingUrl":null,"privacyStatementUrl":null,"supportUrl":null,"termsOfServiceUrl":null},"keyCredentials":[],"parentalControlSettings":{"countriesBlockedForMinors":[],"legalAgeGroupRule":"Allow"},"passwordCredentials":[],"publicClient":{"redirectUris":[]},"requiredResourceAccess":[],"verifiedPublisher":{"displayName":null,"verifiedPublisherId":null,"addedDateTime":null},"web":{"homePageUrl":null,"logoutUrl":null,"redirectUris":[],"implicitGrantSettings":{"enableAccessTokenIssuance":false,"enableIdTokenIssuance":false}},"spa":{"redirectUris":[]}}]}'
    headers:
      cache-control:
      - no-cache
      content-length:
      - '1486'
      content-type:
      - application/json;odata.metadata=minimal;odata.streaming=true;IEEE754Compatible=false;charset=utf-8
      date:
      - Tue, 26 Apr 2022 13:32:48 GMT
      odata-version:
      - '4.0'
      request-id:
      - 91d7606b-279e-4448-9028-38865f67f371
      strict-transport-security:
      - max-age=31536000
      transfer-encoding:
      - chunked
      vary:
      - Accept-Encoding
      x-ms-ags-diagnostic:
      - '{"ServerInfo":{"DataCenter":"Southeast Asia","Slice":"E","Ring":"5","ScaleUnit":"001","RoleInstance":"SI2PEPF00000BCE"}}'
      x-ms-resource-unit:
      - '2'
    status:
      code: 200
      message: OK
- request:
    body: null
    headers:
      Accept:
      - '*/*'
      Accept-Encoding:
      - gzip, deflate
      CommandName:
      - ad app owner list
      Connection:
      - keep-alive
      ParameterSetName:
      - --id
      User-Agent:
      - python/3.10.4 (Windows-10-10.0.19044-SP0) AZURECLI/2.35.0
    method: GET
    uri: https://graph.microsoft.com/v1.0/applications/4170862c-3ad2-41a1-93c3-9dde95beb1f1/owners
  response:
    body:
      string: '{"@odata.context":"https://graph.microsoft.com/v1.0/$metadata#directoryObjects","value":[]}'
    headers:
      cache-control:
      - no-cache
      content-length:
      - '91'
      content-type:
      - application/json;odata.metadata=minimal;odata.streaming=true;IEEE754Compatible=false;charset=utf-8
      date:
      - Tue, 26 Apr 2022 13:32:48 GMT
      odata-version:
      - '4.0'
      request-id:
      - e31a08db-a02f-4f1b-a432-6b0034a37533
      strict-transport-security:
      - max-age=31536000
      transfer-encoding:
      - chunked
      vary:
      - Accept-Encoding
      x-ms-ags-diagnostic:
      - '{"ServerInfo":{"DataCenter":"Southeast Asia","Slice":"E","Ring":"5","ScaleUnit":"001","RoleInstance":"SI2PEPF00001642"}}'
      x-ms-resource-unit:
      - '1'
    status:
      code: 200
      message: OK
- request:
    body: null
    headers:
      Accept:
      - '*/*'
      Accept-Encoding:
      - gzip, deflate
      CommandName:
      - ad app show
      Connection:
      - keep-alive
      ParameterSetName:
      - --id
      User-Agent:
      - python/3.10.4 (Windows-10-10.0.19044-SP0) AZURECLI/2.35.0
    method: GET
    uri: https://graph.microsoft.com/v1.0/applications?$filter=appId%20eq%20'da913587-fc0e-4c6b-a5d9-3fb9ec13b0fb'
  response:
    body:
      string: '{"@odata.context":"https://graph.microsoft.com/v1.0/$metadata#applications","value":[{"id":"4170862c-3ad2-41a1-93c3-9dde95beb1f1","deletedDateTime":null,"appId":"da913587-fc0e-4c6b-a5d9-3fb9ec13b0fb","applicationTemplateId":null,"disabledByMicrosoftStatus":null,"createdDateTime":"2022-04-26T13:32:41Z","displayName":"azure-cli-test000001","description":null,"groupMembershipClaims":null,"identifierUris":[],"isDeviceOnlyAuthSupported":null,"isFallbackPublicClient":null,"notes":null,"publisherDomain":"AzureSDKTeam.onmicrosoft.com","serviceManagementReference":null,"signInAudience":"AzureADandPersonalMicrosoftAccount","tags":[],"tokenEncryptionKeyId":null,"defaultRedirectUri":null,"certification":null,"optionalClaims":null,"addIns":[],"api":{"acceptMappedClaims":null,"knownClientApplications":[],"requestedAccessTokenVersion":2,"oauth2PermissionScopes":[],"preAuthorizedApplications":[]},"appRoles":[],"info":{"logoUrl":null,"marketingUrl":null,"privacyStatementUrl":null,"supportUrl":null,"termsOfServiceUrl":null},"keyCredentials":[],"parentalControlSettings":{"countriesBlockedForMinors":[],"legalAgeGroupRule":"Allow"},"passwordCredentials":[],"publicClient":{"redirectUris":[]},"requiredResourceAccess":[],"verifiedPublisher":{"displayName":null,"verifiedPublisherId":null,"addedDateTime":null},"web":{"homePageUrl":null,"logoutUrl":null,"redirectUris":[],"implicitGrantSettings":{"enableAccessTokenIssuance":false,"enableIdTokenIssuance":false}},"spa":{"redirectUris":[]}}]}'
    headers:
      cache-control:
      - no-cache
      content-length:
      - '1486'
      content-type:
      - application/json;odata.metadata=minimal;odata.streaming=true;IEEE754Compatible=false;charset=utf-8
      date:
      - Tue, 26 Apr 2022 13:32:49 GMT
      odata-version:
      - '4.0'
      request-id:
      - 7c750477-a8d2-4188-9211-e822c342921f
      strict-transport-security:
      - max-age=31536000
      transfer-encoding:
      - chunked
      vary:
      - Accept-Encoding
      x-ms-ags-diagnostic:
      - '{"ServerInfo":{"DataCenter":"Southeast Asia","Slice":"E","Ring":"5","ScaleUnit":"001","RoleInstance":"SI2PEPF000022D5"}}'
      x-ms-resource-unit:
      - '2'
    status:
      code: 200
      message: OK
- request:
    body: null
    headers:
      Accept:
      - '*/*'
      Accept-Encoding:
      - gzip, deflate
      CommandName:
      - ad app show
      Connection:
      - keep-alive
      ParameterSetName:
      - --id
      User-Agent:
      - python/3.10.4 (Windows-10-10.0.19044-SP0) AZURECLI/2.35.0
    method: GET
    uri: https://graph.microsoft.com/v1.0/applications/4170862c-3ad2-41a1-93c3-9dde95beb1f1
  response:
    body:
      string: '{"@odata.context":"https://graph.microsoft.com/v1.0/$metadata#applications/$entity","id":"4170862c-3ad2-41a1-93c3-9dde95beb1f1","deletedDateTime":null,"appId":"da913587-fc0e-4c6b-a5d9-3fb9ec13b0fb","applicationTemplateId":null,"disabledByMicrosoftStatus":null,"createdDateTime":"2022-04-26T13:32:41Z","displayName":"azure-cli-test000001","description":null,"groupMembershipClaims":null,"identifierUris":[],"isDeviceOnlyAuthSupported":null,"isFallbackPublicClient":null,"notes":null,"publisherDomain":"AzureSDKTeam.onmicrosoft.com","serviceManagementReference":null,"signInAudience":"AzureADandPersonalMicrosoftAccount","tags":[],"tokenEncryptionKeyId":null,"defaultRedirectUri":null,"certification":null,"optionalClaims":null,"addIns":[],"api":{"acceptMappedClaims":null,"knownClientApplications":[],"requestedAccessTokenVersion":2,"oauth2PermissionScopes":[],"preAuthorizedApplications":[]},"appRoles":[],"info":{"logoUrl":null,"marketingUrl":null,"privacyStatementUrl":null,"supportUrl":null,"termsOfServiceUrl":null},"keyCredentials":[],"parentalControlSettings":{"countriesBlockedForMinors":[],"legalAgeGroupRule":"Allow"},"passwordCredentials":[],"publicClient":{"redirectUris":[]},"requiredResourceAccess":[],"verifiedPublisher":{"displayName":null,"verifiedPublisherId":null,"addedDateTime":null},"web":{"homePageUrl":null,"logoutUrl":null,"redirectUris":[],"implicitGrantSettings":{"enableAccessTokenIssuance":false,"enableIdTokenIssuance":false}},"spa":{"redirectUris":[]}}'
    headers:
      cache-control:
      - no-cache
      content-length:
      - '1482'
      content-type:
      - application/json;odata.metadata=minimal;odata.streaming=true;IEEE754Compatible=false;charset=utf-8
      date:
      - Tue, 26 Apr 2022 13:32:49 GMT
      odata-version:
      - '4.0'
      request-id:
      - 13256e2e-445b-4156-a64a-69085b26789f
      strict-transport-security:
      - max-age=31536000
      transfer-encoding:
      - chunked
      vary:
      - Accept-Encoding
      x-ms-ags-diagnostic:
      - '{"ServerInfo":{"DataCenter":"Southeast Asia","Slice":"E","Ring":"5","ScaleUnit":"001","RoleInstance":"SI2PEPF000017E9"}}'
      x-ms-resource-unit:
      - '1'
    status:
      code: 200
      message: OK
- request:
    body: null
    headers:
      Accept:
      - '*/*'
      Accept-Encoding:
      - gzip, deflate
      CommandName:
      - ad app delete
      Connection:
      - keep-alive
      ParameterSetName:
      - --id
      User-Agent:
      - python/3.10.4 (Windows-10-10.0.19044-SP0) AZURECLI/2.35.0
    method: GET
    uri: https://graph.microsoft.com/v1.0/applications?$filter=appId%20eq%20'da913587-fc0e-4c6b-a5d9-3fb9ec13b0fb'
  response:
    body:
      string: '{"@odata.context":"https://graph.microsoft.com/v1.0/$metadata#applications","value":[{"id":"4170862c-3ad2-41a1-93c3-9dde95beb1f1","deletedDateTime":null,"appId":"da913587-fc0e-4c6b-a5d9-3fb9ec13b0fb","applicationTemplateId":null,"disabledByMicrosoftStatus":null,"createdDateTime":"2022-04-26T13:32:41Z","displayName":"azure-cli-test000001","description":null,"groupMembershipClaims":null,"identifierUris":[],"isDeviceOnlyAuthSupported":null,"isFallbackPublicClient":null,"notes":null,"publisherDomain":"AzureSDKTeam.onmicrosoft.com","serviceManagementReference":null,"signInAudience":"AzureADandPersonalMicrosoftAccount","tags":[],"tokenEncryptionKeyId":null,"defaultRedirectUri":null,"certification":null,"optionalClaims":null,"addIns":[],"api":{"acceptMappedClaims":null,"knownClientApplications":[],"requestedAccessTokenVersion":2,"oauth2PermissionScopes":[],"preAuthorizedApplications":[]},"appRoles":[],"info":{"logoUrl":null,"marketingUrl":null,"privacyStatementUrl":null,"supportUrl":null,"termsOfServiceUrl":null},"keyCredentials":[],"parentalControlSettings":{"countriesBlockedForMinors":[],"legalAgeGroupRule":"Allow"},"passwordCredentials":[],"publicClient":{"redirectUris":[]},"requiredResourceAccess":[],"verifiedPublisher":{"displayName":null,"verifiedPublisherId":null,"addedDateTime":null},"web":{"homePageUrl":null,"logoutUrl":null,"redirectUris":[],"implicitGrantSettings":{"enableAccessTokenIssuance":false,"enableIdTokenIssuance":false}},"spa":{"redirectUris":[]}}]}'
    headers:
      cache-control:
      - no-cache
      content-length:
      - '1486'
      content-type:
      - application/json;odata.metadata=minimal;odata.streaming=true;IEEE754Compatible=false;charset=utf-8
      date:
      - Tue, 26 Apr 2022 13:32:50 GMT
      odata-version:
      - '4.0'
      request-id:
      - 4708c193-2cf6-445c-81c3-75d28bc722d2
      strict-transport-security:
      - max-age=31536000
      transfer-encoding:
      - chunked
      vary:
      - Accept-Encoding
      x-ms-ags-diagnostic:
      - '{"ServerInfo":{"DataCenter":"Southeast Asia","Slice":"E","Ring":"5","ScaleUnit":"001","RoleInstance":"SI2PEPF000022D3"}}'
      x-ms-resource-unit:
      - '2'
    status:
      code: 200
      message: OK
- request:
    body: null
    headers:
      Accept:
      - '*/*'
      Accept-Encoding:
      - gzip, deflate
      CommandName:
      - ad app delete
      Connection:
      - keep-alive
      Content-Length:
      - '0'
      ParameterSetName:
      - --id
      User-Agent:
      - python/3.10.4 (Windows-10-10.0.19044-SP0) AZURECLI/2.35.0
    method: DELETE
    uri: https://graph.microsoft.com/v1.0/applications/4170862c-3ad2-41a1-93c3-9dde95beb1f1
  response:
    body:
      string: ''
    headers:
      cache-control:
      - no-cache
      date:
      - Tue, 26 Apr 2022 13:32:51 GMT
      request-id:
      - 420d0d49-e77b-4ad6-a1ca-7ee8f9bdd3f7
      strict-transport-security:
      - max-age=31536000
      x-ms-ags-diagnostic:
      - '{"ServerInfo":{"DataCenter":"Southeast Asia","Slice":"E","Ring":"5","ScaleUnit":"001","RoleInstance":"SI2PEPF00001E1D"}}'
      x-ms-resource-unit:
      - '1'
    status:
      code: 204
      message: No Content
- request:
    body: null
    headers:
      Accept:
      - '*/*'
      Accept-Encoding:
      - gzip, deflate
      CommandName:
      - rest
      Connection:
      - keep-alive
      Content-Length:
      - '0'
      ParameterSetName:
      - --method --url
      User-Agent:
      - python/3.10.4 (Windows-10-10.0.19044-SP0) AZURECLI/2.35.0
    method: DELETE
    uri: https://graph.microsoft.com/v1.0/directory/deletedItems/4170862c-3ad2-41a1-93c3-9dde95beb1f1
  response:
    body:
      string: ''
    headers:
      cache-control:
      - no-cache
      date:
      - Tue, 26 Apr 2022 13:32:52 GMT
      request-id:
      - 848e7731-20eb-4c9e-95bf-002de1f70440
      strict-transport-security:
      - max-age=31536000
      x-ms-ags-diagnostic:
      - '{"ServerInfo":{"DataCenter":"Southeast Asia","Slice":"E","Ring":"5","ScaleUnit":"001","RoleInstance":"SI2PEPF00001E1F"}}'
      x-ms-resource-unit:
      - '1'
    status:
      code: 204
      message: No Content
version: 1
