interactions:
- request:
    body: null
    headers:
      Accept:
      - '*/*'
      Accept-Encoding:
      - gzip, deflate
      CommandName:
      - ad app create
      Connection:
      - keep-alive
      ParameterSetName:
      - --display-name --identifier-uris
      User-Agent:
      - python/3.10.4 (Windows-10-10.0.19044-SP0) AZURECLI/2.35.0
    method: GET
    uri: https://graph.microsoft.com/v1.0/applications?$filter=startswith(displayName,'azure-cli-test000001')
  response:
    body:
      string: '{"@odata.context":"https://graph.microsoft.com/v1.0/$metadata#applications","value":[]}'
    headers:
      cache-control:
      - no-cache
      content-length:
      - '87'
      content-type:
      - application/json;odata.metadata=minimal;odata.streaming=true;IEEE754Compatible=false;charset=utf-8
      date:
      - Wed, 27 Apr 2022 12:42:08 GMT
      odata-version:
      - '4.0'
      request-id:
      - 15aaf37f-9c95-46ac-9932-f4d64406b327
      strict-transport-security:
      - max-age=31536000
      transfer-encoding:
      - chunked
      vary:
      - Accept-Encoding
      x-ms-ags-diagnostic:
      - '{"ServerInfo":{"DataCenter":"Southeast Asia","Slice":"E","Ring":"5","ScaleUnit":"001","RoleInstance":"SI2PEPF000018C8"}}'
      x-ms-resource-unit:
      - '2'
    status:
      code: 200
      message: OK
- request:
    body: '{"displayName": "azure-cli-test000001", "identifierUris": ["api://azure-cli-test000001"],
      "keyCredentials": []}'
    headers:
      Accept:
      - '*/*'
      Accept-Encoding:
      - gzip, deflate
      CommandName:
      - ad app create
      Connection:
      - keep-alive
      Content-Length:
      - '111'
      Content-Type:
      - application/json
      ParameterSetName:
      - --display-name --identifier-uris
      User-Agent:
      - python/3.10.4 (Windows-10-10.0.19044-SP0) AZURECLI/2.35.0
    method: POST
    uri: https://graph.microsoft.com/v1.0/applications
  response:
    body:
      string: '{"@odata.context": "https://graph.microsoft.com/v1.0/$metadata#applications/$entity",
        "id": "38e2097f-4a40-4a92-9847-58c493ece7dc", "deletedDateTime": null, "appId":
        "0c8c9d27-de39-4b1d-bc7a-338a1b64e3b7", "applicationTemplateId": null, "disabledByMicrosoftStatus":
        null, "createdDateTime": "2022-04-27T12:42:09.6995467Z", "displayName": "azure-cli-test000001",
        "description": null, "groupMembershipClaims": null, "identifierUris": ["api://azure-cli-test000001"],
        "isDeviceOnlyAuthSupported": null, "isFallbackPublicClient": null, "notes":
        null, "publisherDomain": "AzureSDKTeam.onmicrosoft.com", "serviceManagementReference":
        null, "signInAudience": "AzureADandPersonalMicrosoftAccount", "tags": [],
        "tokenEncryptionKeyId": null, "defaultRedirectUri": null, "certification":
        null, "optionalClaims": null, "addIns": [], "api": {"acceptMappedClaims":
        null, "knownClientApplications": [], "requestedAccessTokenVersion": 2, "oauth2PermissionScopes":
        [], "preAuthorizedApplications": []}, "appRoles": [], "info": {"logoUrl":
        null, "marketingUrl": null, "privacyStatementUrl": null, "supportUrl": null,
        "termsOfServiceUrl": null}, "keyCredentials": [], "parentalControlSettings":
        {"countriesBlockedForMinors": [], "legalAgeGroupRule": "Allow"}, "passwordCredentials":
        [], "publicClient": {"redirectUris": []}, "requiredResourceAccess": [], "verifiedPublisher":
        {"displayName": null, "verifiedPublisherId": null, "addedDateTime": null},
        "web": {"homePageUrl": null, "logoutUrl": null, "redirectUris": [], "implicitGrantSettings":
        {"enableAccessTokenIssuance": false, "enableIdTokenIssuance": false}}, "spa":
        {"redirectUris": []}}'
    headers:
      cache-control:
      - no-cache
      content-length:
      - '1623'
      content-type:
      - application/json;odata.metadata=minimal;odata.streaming=true;IEEE754Compatible=false;charset=utf-8
      date:
      - Wed, 27 Apr 2022 12:42:13 GMT
      location:
      - https://graph.microsoft.com/v2/54826b22-38d6-4fb2-bad9-b7b93a3e9c5a/directoryObjects/38e2097f-4a40-4a92-9847-58c493ece7dc/Microsoft.DirectoryServices.Application
      odata-version:
      - '4.0'
      request-id:
      - acd16bab-1b03-44d2-b917-c8fe969082d0
      strict-transport-security:
      - max-age=31536000
      transfer-encoding:
      - chunked
      vary:
      - Accept-Encoding
      x-ms-ags-diagnostic:
      - '{"ServerInfo":{"DataCenter":"Southeast Asia","Slice":"E","Ring":"5","ScaleUnit":"001","RoleInstance":"SI2PEPF00001643"}}'
      x-ms-resource-unit:
      - '1'
    status:
      code: 201
      message: Created
- request:
    body: null
    headers:
      Accept:
      - '*/*'
      Accept-Encoding:
      - gzip, deflate
      CommandName:
      - ad app show
      Connection:
      - keep-alive
      ParameterSetName:
      - --id
      User-Agent:
      - python/3.10.4 (Windows-10-10.0.19044-SP0) AZURECLI/2.35.0
    method: GET
    uri: https://graph.microsoft.com/v1.0/applications?$filter=appId%20eq%20'0c8c9d27-de39-4b1d-bc7a-338a1b64e3b7'
  response:
    body:
      string: '{"@odata.context":"https://graph.microsoft.com/v1.0/$metadata#applications","value":[{"id":"38e2097f-4a40-4a92-9847-58c493ece7dc","deletedDateTime":null,"appId":"0c8c9d27-de39-4b1d-bc7a-338a1b64e3b7","applicationTemplateId":null,"disabledByMicrosoftStatus":null,"createdDateTime":"2022-04-27T12:42:09Z","displayName":"azure-cli-test000001","description":null,"groupMembershipClaims":null,"identifierUris":["api://azure-cli-test000001"],"isDeviceOnlyAuthSupported":null,"isFallbackPublicClient":null,"notes":null,"publisherDomain":"AzureSDKTeam.onmicrosoft.com","serviceManagementReference":null,"signInAudience":"AzureADandPersonalMicrosoftAccount","tags":[],"tokenEncryptionKeyId":null,"defaultRedirectUri":null,"certification":null,"optionalClaims":null,"addIns":[],"api":{"acceptMappedClaims":null,"knownClientApplications":[],"requestedAccessTokenVersion":2,"oauth2PermissionScopes":[],"preAuthorizedApplications":[]},"appRoles":[],"info":{"logoUrl":null,"marketingUrl":null,"privacyStatementUrl":null,"supportUrl":null,"termsOfServiceUrl":null},"keyCredentials":[],"parentalControlSettings":{"countriesBlockedForMinors":[],"legalAgeGroupRule":"Allow"},"passwordCredentials":[],"publicClient":{"redirectUris":[]},"requiredResourceAccess":[],"verifiedPublisher":{"displayName":null,"verifiedPublisherId":null,"addedDateTime":null},"web":{"homePageUrl":null,"logoutUrl":null,"redirectUris":[],"implicitGrantSettings":{"enableAccessTokenIssuance":false,"enableIdTokenIssuance":false}},"spa":{"redirectUris":[]}}]}'
    headers:
      cache-control:
      - no-cache
      content-length:
      - '1514'
      content-type:
      - application/json;odata.metadata=minimal;odata.streaming=true;IEEE754Compatible=false;charset=utf-8
      date:
      - Wed, 27 Apr 2022 12:42:13 GMT
      odata-version:
      - '4.0'
      request-id:
      - c544156a-fbb1-40e6-9aae-a0b4d31e6b4a
      strict-transport-security:
      - max-age=31536000
      transfer-encoding:
      - chunked
      vary:
      - Accept-Encoding
      x-ms-ags-diagnostic:
      - '{"ServerInfo":{"DataCenter":"Southeast Asia","Slice":"E","Ring":"5","ScaleUnit":"001","RoleInstance":"SI2PEPF00001643"}}'
      x-ms-resource-unit:
      - '2'
    status:
      code: 200
      message: OK
- request:
    body: null
    headers:
      Accept:
      - '*/*'
      Accept-Encoding:
      - gzip, deflate
      CommandName:
      - ad app show
      Connection:
      - keep-alive
      ParameterSetName:
      - --id
      User-Agent:
      - python/3.10.4 (Windows-10-10.0.19044-SP0) AZURECLI/2.35.0
    method: GET
    uri: https://graph.microsoft.com/v1.0/applications/38e2097f-4a40-4a92-9847-58c493ece7dc
  response:
    body:
      string: '{"@odata.context":"https://graph.microsoft.com/v1.0/$metadata#applications/$entity","id":"38e2097f-4a40-4a92-9847-58c493ece7dc","deletedDateTime":null,"appId":"0c8c9d27-de39-4b1d-bc7a-338a1b64e3b7","applicationTemplateId":null,"disabledByMicrosoftStatus":null,"createdDateTime":"2022-04-27T12:42:09Z","displayName":"azure-cli-test000001","description":null,"groupMembershipClaims":null,"identifierUris":["api://azure-cli-test000001"],"isDeviceOnlyAuthSupported":null,"isFallbackPublicClient":null,"notes":null,"publisherDomain":"AzureSDKTeam.onmicrosoft.com","serviceManagementReference":null,"signInAudience":"AzureADandPersonalMicrosoftAccount","tags":[],"tokenEncryptionKeyId":null,"defaultRedirectUri":null,"certification":null,"optionalClaims":null,"addIns":[],"api":{"acceptMappedClaims":null,"knownClientApplications":[],"requestedAccessTokenVersion":2,"oauth2PermissionScopes":[],"preAuthorizedApplications":[]},"appRoles":[],"info":{"logoUrl":null,"marketingUrl":null,"privacyStatementUrl":null,"supportUrl":null,"termsOfServiceUrl":null},"keyCredentials":[],"parentalControlSettings":{"countriesBlockedForMinors":[],"legalAgeGroupRule":"Allow"},"passwordCredentials":[],"publicClient":{"redirectUris":[]},"requiredResourceAccess":[],"verifiedPublisher":{"displayName":null,"verifiedPublisherId":null,"addedDateTime":null},"web":{"homePageUrl":null,"logoutUrl":null,"redirectUris":[],"implicitGrantSettings":{"enableAccessTokenIssuance":false,"enableIdTokenIssuance":false}},"spa":{"redirectUris":[]}}'
    headers:
      cache-control:
      - no-cache
      content-length:
      - '1510'
      content-type:
      - application/json;odata.metadata=minimal;odata.streaming=true;IEEE754Compatible=false;charset=utf-8
      date:
      - Wed, 27 Apr 2022 12:42:14 GMT
      odata-version:
      - '4.0'
      request-id:
      - 9fa5a6b9-067b-48e0-bb8a-72d31a146a63
      strict-transport-security:
      - max-age=31536000
      transfer-encoding:
      - chunked
      vary:
      - Accept-Encoding
      x-ms-ags-diagnostic:
      - '{"ServerInfo":{"DataCenter":"Southeast Asia","Slice":"E","Ring":"5","ScaleUnit":"001","RoleInstance":"SI2PEPF00001E1E"}}'
      x-ms-resource-unit:
      - '1'
    status:
      code: 200
      message: OK
- request:
    body: null
    headers:
      Accept:
      - '*/*'
      Accept-Encoding:
      - gzip, deflate
      CommandName:
      - ad app show
      Connection:
      - keep-alive
      ParameterSetName:
      - --id
      User-Agent:
      - python/3.10.4 (Windows-10-10.0.19044-SP0) AZURECLI/2.35.0
    method: GET
    uri: https://graph.microsoft.com/v1.0/applications?$filter=appId%20eq%20'38e2097f-4a40-4a92-9847-58c493ece7dc'
  response:
    body:
      string: '{"@odata.context":"https://graph.microsoft.com/v1.0/$metadata#applications","value":[]}'
    headers:
      cache-control:
      - no-cache
      content-length:
      - '87'
      content-type:
      - application/json;odata.metadata=minimal;odata.streaming=true;IEEE754Compatible=false;charset=utf-8
      date:
      - Wed, 27 Apr 2022 12:42:15 GMT
      odata-version:
      - '4.0'
      request-id:
      - 2949074d-150a-4974-90cc-12a6789a8ea5
      strict-transport-security:
      - max-age=31536000
      transfer-encoding:
      - chunked
      vary:
      - Accept-Encoding
      x-ms-ags-diagnostic:
      - '{"ServerInfo":{"DataCenter":"Southeast Asia","Slice":"E","Ring":"5","ScaleUnit":"001","RoleInstance":"SI2PEPF00001642"}}'
      x-ms-resource-unit:
      - '2'
    status:
      code: 200
      message: OK
- request:
    body: null
    headers:
      Accept:
      - '*/*'
      Accept-Encoding:
      - gzip, deflate
      CommandName:
      - ad app show
      Connection:
      - keep-alive
      ParameterSetName:
      - --id
      User-Agent:
      - python/3.10.4 (Windows-10-10.0.19044-SP0) AZURECLI/2.35.0
    method: GET
    uri: https://graph.microsoft.com/v1.0/applications/38e2097f-4a40-4a92-9847-58c493ece7dc
  response:
    body:
      string: '{"@odata.context":"https://graph.microsoft.com/v1.0/$metadata#applications/$entity","id":"38e2097f-4a40-4a92-9847-58c493ece7dc","deletedDateTime":null,"appId":"0c8c9d27-de39-4b1d-bc7a-338a1b64e3b7","applicationTemplateId":null,"disabledByMicrosoftStatus":null,"createdDateTime":"2022-04-27T12:42:09Z","displayName":"azure-cli-test000001","description":null,"groupMembershipClaims":null,"identifierUris":["api://azure-cli-test000001"],"isDeviceOnlyAuthSupported":null,"isFallbackPublicClient":null,"notes":null,"publisherDomain":"AzureSDKTeam.onmicrosoft.com","serviceManagementReference":null,"signInAudience":"AzureADandPersonalMicrosoftAccount","tags":[],"tokenEncryptionKeyId":null,"defaultRedirectUri":null,"certification":null,"optionalClaims":null,"addIns":[],"api":{"acceptMappedClaims":null,"knownClientApplications":[],"requestedAccessTokenVersion":2,"oauth2PermissionScopes":[],"preAuthorizedApplications":[]},"appRoles":[],"info":{"logoUrl":null,"marketingUrl":null,"privacyStatementUrl":null,"supportUrl":null,"termsOfServiceUrl":null},"keyCredentials":[],"parentalControlSettings":{"countriesBlockedForMinors":[],"legalAgeGroupRule":"Allow"},"passwordCredentials":[],"publicClient":{"redirectUris":[]},"requiredResourceAccess":[],"verifiedPublisher":{"displayName":null,"verifiedPublisherId":null,"addedDateTime":null},"web":{"homePageUrl":null,"logoutUrl":null,"redirectUris":[],"implicitGrantSettings":{"enableAccessTokenIssuance":false,"enableIdTokenIssuance":false}},"spa":{"redirectUris":[]}}'
    headers:
      cache-control:
      - no-cache
      content-length:
      - '1510'
      content-type:
      - application/json;odata.metadata=minimal;odata.streaming=true;IEEE754Compatible=false;charset=utf-8
      date:
      - Wed, 27 Apr 2022 12:42:15 GMT
      odata-version:
      - '4.0'
      request-id:
      - df12984c-98aa-4e7d-9f0e-0338383702d6
      strict-transport-security:
      - max-age=31536000
      transfer-encoding:
      - chunked
      vary:
      - Accept-Encoding
      x-ms-ags-diagnostic:
      - '{"ServerInfo":{"DataCenter":"Southeast Asia","Slice":"E","Ring":"5","ScaleUnit":"001","RoleInstance":"SI2PEPF000022D5"}}'
      x-ms-resource-unit:
      - '1'
    status:
      code: 200
      message: OK
- request:
    body: null
    headers:
      Accept:
      - '*/*'
      Accept-Encoding:
      - gzip, deflate
      CommandName:
      - ad app show
      Connection:
      - keep-alive
      ParameterSetName:
      - --id
      User-Agent:
      - python/3.10.4 (Windows-10-10.0.19044-SP0) AZURECLI/2.35.0
    method: GET
    uri: https://graph.microsoft.com/v1.0/applications?$filter=identifierUris/any(s:s%20eq%20'api://azure-cli-test000001')
  response:
    body:
      string: '{"@odata.context":"https://graph.microsoft.com/v1.0/$metadata#applications","value":[{"id":"38e2097f-4a40-4a92-9847-58c493ece7dc","deletedDateTime":null,"appId":"0c8c9d27-de39-4b1d-bc7a-338a1b64e3b7","applicationTemplateId":null,"disabledByMicrosoftStatus":null,"createdDateTime":"2022-04-27T12:42:09Z","displayName":"azure-cli-test000001","description":null,"groupMembershipClaims":null,"identifierUris":["api://azure-cli-test000001"],"isDeviceOnlyAuthSupported":null,"isFallbackPublicClient":null,"notes":null,"publisherDomain":"AzureSDKTeam.onmicrosoft.com","serviceManagementReference":null,"signInAudience":"AzureADandPersonalMicrosoftAccount","tags":[],"tokenEncryptionKeyId":null,"defaultRedirectUri":null,"certification":null,"optionalClaims":null,"addIns":[],"api":{"acceptMappedClaims":null,"knownClientApplications":[],"requestedAccessTokenVersion":2,"oauth2PermissionScopes":[],"preAuthorizedApplications":[]},"appRoles":[],"info":{"logoUrl":null,"marketingUrl":null,"privacyStatementUrl":null,"supportUrl":null,"termsOfServiceUrl":null},"keyCredentials":[],"parentalControlSettings":{"countriesBlockedForMinors":[],"legalAgeGroupRule":"Allow"},"passwordCredentials":[],"publicClient":{"redirectUris":[]},"requiredResourceAccess":[],"verifiedPublisher":{"displayName":null,"verifiedPublisherId":null,"addedDateTime":null},"web":{"homePageUrl":null,"logoutUrl":null,"redirectUris":[],"implicitGrantSettings":{"enableAccessTokenIssuance":false,"enableIdTokenIssuance":false}},"spa":{"redirectUris":[]}}]}'
    headers:
      cache-control:
      - no-cache
      content-length:
      - '1514'
      content-type:
      - application/json;odata.metadata=minimal;odata.streaming=true;IEEE754Compatible=false;charset=utf-8
      date:
      - Wed, 27 Apr 2022 12:42:16 GMT
      odata-version:
      - '4.0'
      request-id:
      - 59bf20ae-ddd0-4739-91e9-34e4ece69b48
      strict-transport-security:
      - max-age=31536000
      transfer-encoding:
      - chunked
      vary:
      - Accept-Encoding
      x-ms-ags-diagnostic:
      - '{"ServerInfo":{"DataCenter":"Southeast Asia","Slice":"E","Ring":"5","ScaleUnit":"001","RoleInstance":"SI2PEPF00000BC4"}}'
      x-ms-resource-unit:
      - '2'
    status:
      code: 200
      message: OK
- request:
    body: null
    headers:
      Accept:
      - '*/*'
      Accept-Encoding:
      - gzip, deflate
      CommandName:
      - ad app show
      Connection:
      - keep-alive
      ParameterSetName:
      - --id
      User-Agent:
      - python/3.10.4 (Windows-10-10.0.19044-SP0) AZURECLI/2.35.0
    method: GET
    uri: https://graph.microsoft.com/v1.0/applications/38e2097f-4a40-4a92-9847-58c493ece7dc
  response:
    body:
      string: '{"@odata.context":"https://graph.microsoft.com/v1.0/$metadata#applications/$entity","id":"38e2097f-4a40-4a92-9847-58c493ece7dc","deletedDateTime":null,"appId":"0c8c9d27-de39-4b1d-bc7a-338a1b64e3b7","applicationTemplateId":null,"disabledByMicrosoftStatus":null,"createdDateTime":"2022-04-27T12:42:09Z","displayName":"azure-cli-test000001","description":null,"groupMembershipClaims":null,"identifierUris":["api://azure-cli-test000001"],"isDeviceOnlyAuthSupported":null,"isFallbackPublicClient":null,"notes":null,"publisherDomain":"AzureSDKTeam.onmicrosoft.com","serviceManagementReference":null,"signInAudience":"AzureADandPersonalMicrosoftAccount","tags":[],"tokenEncryptionKeyId":null,"defaultRedirectUri":null,"certification":null,"optionalClaims":null,"addIns":[],"api":{"acceptMappedClaims":null,"knownClientApplications":[],"requestedAccessTokenVersion":2,"oauth2PermissionScopes":[],"preAuthorizedApplications":[]},"appRoles":[],"info":{"logoUrl":null,"marketingUrl":null,"privacyStatementUrl":null,"supportUrl":null,"termsOfServiceUrl":null},"keyCredentials":[],"parentalControlSettings":{"countriesBlockedForMinors":[],"legalAgeGroupRule":"Allow"},"passwordCredentials":[],"publicClient":{"redirectUris":[]},"requiredResourceAccess":[],"verifiedPublisher":{"displayName":null,"verifiedPublisherId":null,"addedDateTime":null},"web":{"homePageUrl":null,"logoutUrl":null,"redirectUris":[],"implicitGrantSettings":{"enableAccessTokenIssuance":false,"enableIdTokenIssuance":false}},"spa":{"redirectUris":[]}}'
    headers:
      cache-control:
      - no-cache
      content-length:
      - '1510'
      content-type:
      - application/json;odata.metadata=minimal;odata.streaming=true;IEEE754Compatible=false;charset=utf-8
      date:
      - Wed, 27 Apr 2022 12:42:17 GMT
      odata-version:
      - '4.0'
      request-id:
      - 17deec3d-9358-40be-972c-f88f73628396
      strict-transport-security:
      - max-age=31536000
      transfer-encoding:
      - chunked
      vary:
      - Accept-Encoding
      x-ms-ags-diagnostic:
      - '{"ServerInfo":{"DataCenter":"Southeast Asia","Slice":"E","Ring":"5","ScaleUnit":"001","RoleInstance":"SI2PEPF0000153F"}}'
      x-ms-resource-unit:
      - '1'
    status:
      code: 200
      message: OK
- request:
    body: null
    headers:
      Accept:
      - '*/*'
      Accept-Encoding:
      - gzip, deflate
      CommandName:
      - ad app delete
      Connection:
      - keep-alive
      ParameterSetName:
      - --id
      User-Agent:
      - python/3.10.4 (Windows-10-10.0.19044-SP0) AZURECLI/2.35.0
    method: GET
    uri: https://graph.microsoft.com/v1.0/applications?$filter=appId%20eq%20'0c8c9d27-de39-4b1d-bc7a-338a1b64e3b7'
  response:
    body:
      string: '{"@odata.context":"https://graph.microsoft.com/v1.0/$metadata#applications","value":[{"id":"38e2097f-4a40-4a92-9847-58c493ece7dc","deletedDateTime":null,"appId":"0c8c9d27-de39-4b1d-bc7a-338a1b64e3b7","applicationTemplateId":null,"disabledByMicrosoftStatus":null,"createdDateTime":"2022-04-27T12:42:09Z","displayName":"azure-cli-test000001","description":null,"groupMembershipClaims":null,"identifierUris":["api://azure-cli-test000001"],"isDeviceOnlyAuthSupported":null,"isFallbackPublicClient":null,"notes":null,"publisherDomain":"AzureSDKTeam.onmicrosoft.com","serviceManagementReference":null,"signInAudience":"AzureADandPersonalMicrosoftAccount","tags":[],"tokenEncryptionKeyId":null,"defaultRedirectUri":null,"certification":null,"optionalClaims":null,"addIns":[],"api":{"acceptMappedClaims":null,"knownClientApplications":[],"requestedAccessTokenVersion":2,"oauth2PermissionScopes":[],"preAuthorizedApplications":[]},"appRoles":[],"info":{"logoUrl":null,"marketingUrl":null,"privacyStatementUrl":null,"supportUrl":null,"termsOfServiceUrl":null},"keyCredentials":[],"parentalControlSettings":{"countriesBlockedForMinors":[],"legalAgeGroupRule":"Allow"},"passwordCredentials":[],"publicClient":{"redirectUris":[]},"requiredResourceAccess":[],"verifiedPublisher":{"displayName":null,"verifiedPublisherId":null,"addedDateTime":null},"web":{"homePageUrl":null,"logoutUrl":null,"redirectUris":[],"implicitGrantSettings":{"enableAccessTokenIssuance":false,"enableIdTokenIssuance":false}},"spa":{"redirectUris":[]}}]}'
    headers:
      cache-control:
      - no-cache
      content-length:
      - '1514'
      content-type:
      - application/json;odata.metadata=minimal;odata.streaming=true;IEEE754Compatible=false;charset=utf-8
      date:
      - Wed, 27 Apr 2022 12:42:18 GMT
      odata-version:
      - '4.0'
      request-id:
      - df193cfd-5c52-404c-8d34-4abde16b8e9c
      strict-transport-security:
      - max-age=31536000
      transfer-encoding:
      - chunked
      vary:
      - Accept-Encoding
      x-ms-ags-diagnostic:
      - '{"ServerInfo":{"DataCenter":"Southeast Asia","Slice":"E","Ring":"5","ScaleUnit":"001","RoleInstance":"SI2PEPF00001E1F"}}'
      x-ms-resource-unit:
      - '2'
    status:
      code: 200
      message: OK
- request:
    body: null
    headers:
      Accept:
      - '*/*'
      Accept-Encoding:
      - gzip, deflate
      CommandName:
      - ad app delete
      Connection:
      - keep-alive
      Content-Length:
      - '0'
      ParameterSetName:
      - --id
      User-Agent:
      - python/3.10.4 (Windows-10-10.0.19044-SP0) AZURECLI/2.35.0
    method: DELETE
    uri: https://graph.microsoft.com/v1.0/applications/38e2097f-4a40-4a92-9847-58c493ece7dc
  response:
    body:
      string: ''
    headers:
      cache-control:
      - no-cache
      date:
      - Wed, 27 Apr 2022 12:42:21 GMT
      request-id:
      - b5e12ec4-c183-4dd1-9ceb-6a119126079c
      strict-transport-security:
      - max-age=31536000
      x-ms-ags-diagnostic:
      - '{"ServerInfo":{"DataCenter":"Southeast Asia","Slice":"E","Ring":"5","ScaleUnit":"001","RoleInstance":"SI2PEPF00001E1F"}}'
      x-ms-resource-unit:
      - '1'
    status:
      code: 204
      message: No Content
- request:
    body: null
    headers:
      Accept:
      - '*/*'
      Accept-Encoding:
      - gzip, deflate
      CommandName:
      - ad app show
      Connection:
      - keep-alive
      ParameterSetName:
      - --id
      User-Agent:
      - python/3.10.4 (Windows-10-10.0.19044-SP0) AZURECLI/2.35.0
    method: GET
    uri: https://graph.microsoft.com/v1.0/applications?$filter=appId%20eq%20'0c8c9d27-de39-4b1d-bc7a-338a1b64e3b7'
  response:
    body:
      string: '{"@odata.context":"https://graph.microsoft.com/v1.0/$metadata#applications","value":[]}'
    headers:
      cache-control:
      - no-cache
      content-length:
      - '87'
      content-type:
      - application/json;odata.metadata=minimal;odata.streaming=true;IEEE754Compatible=false;charset=utf-8
      date:
      - Wed, 27 Apr 2022 12:42:21 GMT
      odata-version:
      - '4.0'
      request-id:
      - 0f37c1de-98e8-4201-9009-be7eb68ee21d
      strict-transport-security:
      - max-age=31536000
      transfer-encoding:
      - chunked
      vary:
      - Accept-Encoding
      x-ms-ags-diagnostic:
      - '{"ServerInfo":{"DataCenter":"Southeast Asia","Slice":"E","Ring":"5","ScaleUnit":"001","RoleInstance":"SI2PEPF00001642"}}'
      x-ms-resource-unit:
      - '2'
    status:
      code: 200
      message: OK
- request:
    body: null
    headers:
      Accept:
      - '*/*'
      Accept-Encoding:
      - gzip, deflate
      CommandName:
      - ad app show
      Connection:
      - keep-alive
      ParameterSetName:
      - --id
      User-Agent:
      - python/3.10.4 (Windows-10-10.0.19044-SP0) AZURECLI/2.35.0
    method: GET
    uri: https://graph.microsoft.com/v1.0/applications/0c8c9d27-de39-4b1d-bc7a-338a1b64e3b7
  response:
    body:
      string: '{"error":{"code":"Request_ResourceNotFound","message":"Resource ''0c8c9d27-de39-4b1d-bc7a-338a1b64e3b7''
        does not exist or one of its queried reference-property objects are not present.","innerError":{"date":"2022-04-27T12:42:23","request-id":"1e50f85f-fef1-4e2a-b3f5-88aa958f913d","client-request-id":"1e50f85f-fef1-4e2a-b3f5-88aa958f913d"}}}'
    headers:
      cache-control:
      - no-cache
      content-length:
      - '341'
      content-type:
      - application/json
      date:
      - Wed, 27 Apr 2022 12:42:22 GMT
      request-id:
      - 1e50f85f-fef1-4e2a-b3f5-88aa958f913d
      strict-transport-security:
      - max-age=31536000
      transfer-encoding:
      - chunked
      vary:
      - Accept-Encoding
      x-ms-ags-diagnostic:
      - '{"ServerInfo":{"DataCenter":"Southeast Asia","Slice":"E","Ring":"5","ScaleUnit":"001","RoleInstance":"SI2PEPF00000BC1"}}'
      x-ms-resource-unit:
      - '1'
    status:
      code: 404
      message: Not Found
version: 1
